2026-03-30 12:19:37,165 | INFO | Log file: /mnt/data1/srchowd3/FD-NL2SQL/methodv2/runs/gemma4b_server_gpu6_full/logs/run_meta_20260330_121937.log
2026-03-30 12:19:37,165 | INFO | CSV path: /mnt/data1/srchowd3/FD-NL2SQL/data/cat3_query_sql_llm(2)_with_key_matches.csv
2026-03-30 12:19:37,166 | INFO | DB path: /mnt/data1/srchowd3/FD-NL2SQL/data/database.db
2026-03-30 12:19:37,166 | INFO | Run dir: /mnt/data1/srchowd3/FD-NL2SQL/methodv2/runs/gemma4b_server_gpu6_full
2026-03-30 12:19:37,166 | INFO | API base: http://127.0.0.1:8000/v1
2026-03-30 12:19:37,166 | INFO | Model name: gemma-3-4b-it
2026-03-30 12:19:37,166 | INFO | Dry run: False
2026-03-30 12:19:37,170 | INFO | Eligible rows: 309
2026-03-30 12:19:37,170 | INFO | Skipped rows: {'final_column_not_usable': 191}
2026-03-30 12:19:37,170 | INFO | Groups: 15
2026-03-30 12:19:37,170 | INFO |   Class of ICI -> 18 rows
2026-03-30 12:19:37,170 | INFO |   Control arm -> 35 rows
2026-03-30 12:19:37,170 | INFO |   Control regimen -> 15 rows
2026-03-30 12:19:37,170 | INFO |   Follow-up duration for primary endpoint(s) in months | Control -> 17 rows
2026-03-30 12:19:37,170 | INFO |   Follow-up duration for primary endpoint(s) in months | Overall -> 1 rows
2026-03-30 12:19:37,170 | INFO |   Is any other biomarker used for inclusion -> 18 rows
2026-03-30 12:19:37,170 | INFO |   Monotherapy/combination -> 18 rows
2026-03-30 12:19:37,170 | INFO |   Originial publication or Follow-up -> 17 rows
2026-03-30 12:19:37,170 | INFO |   Primary endpoint -> 29 rows
2026-03-30 12:19:37,170 | INFO |   Secondary endpoint -> 35 rows
2026-03-30 12:19:37,170 | INFO |   Treatment regimen -> 18 rows
2026-03-30 12:19:37,170 | INFO |   Trial name -> 43 rows
2026-03-30 12:19:37,170 | INFO |   Type of combination -> 17 rows
2026-03-30 12:19:37,170 | INFO |   Type of follow-up given -> 15 rows
2026-03-30 12:19:37,170 | INFO |   Year -> 13 rows
2026-03-30 12:19:37,176 | INFO | Prepared reduced DB for group=Class of ICI at /mnt/data1/srchowd3/FD-NL2SQL/methodv2/runs/gemma4b_server_gpu6_full/group__Class_of_ICI/reduced.db
2026-03-30 12:19:38,171 | INFO | Generated 18 predictions for group=Class of ICI
2026-03-30 12:19:43,122 | INFO | Evaluated group=Class of ICI summary={'total_gt_items': 18, 'total_pred_items': 18, 'evaluated_items': 18, 'pred_with_sql': 18, 'pred_exec_ok': 7, 'gt_exec_ok': 7, 'exec_eval_ok': 7, 'exec_exact_match': 7, 'exec_exact_match_rate': 1.0, 'avg_sql_ast_similarity': 0.8314300411522634, 'avg_precision': 0.3888888888888889, 'avg_recall': 0.3888888888888889, 'avg_f1': 0.3888888888888889, 'avg_row_jaccard': 0.3888888888888889, 'avg_normalization_factor': 0.3888888888888889, 'avg_column_alignment_score': 0.3888888888888889, 'avg_chrf': 100.0, 'avg_rouge_l_f1': 1.0, 'avg_bertscore_f1': None, 'avg_pred_confidence': None, 'avg_harmonic_f1_em_confidence': None, 'pred_limit_no_order': 0, 'gt_limit_no_order': 0}
2026-03-30 12:19:43,126 | INFO | Prepared reduced DB for group=Control arm at /mnt/data1/srchowd3/FD-NL2SQL/methodv2/runs/gemma4b_server_gpu6_full/group__Control_arm/reduced.db
2026-03-30 12:19:44,960 | INFO | Generated 35 predictions for group=Control arm
2026-03-30 12:19:49,873 | INFO | Evaluated group=Control arm summary={'total_gt_items': 35, 'total_pred_items': 35, 'evaluated_items': 35, 'pred_with_sql': 35, 'pred_exec_ok': 35, 'gt_exec_ok': 35, 'exec_eval_ok': 35, 'exec_exact_match': 15, 'exec_exact_match_rate': 0.42857142857142855, 'avg_sql_ast_similarity': 0.9114761904761904, 'avg_precision': 0.42857142857142855, 'avg_recall': 0.42857142857142855, 'avg_f1': 0.42857142857142855, 'avg_row_jaccard': 0.42857142857142855, 'avg_normalization_factor': 0.42857142857142855, 'avg_column_alignment_score': 0.512, 'avg_chrf': 52.11494297509393, 'avg_rouge_l_f1': 0.4838709677419355, 'avg_bertscore_f1': None, 'avg_pred_confidence': None, 'avg_harmonic_f1_em_confidence': None, 'pred_limit_no_order': 0, 'gt_limit_no_order': 0}
2026-03-30 12:19:49,880 | INFO | Prepared reduced DB for group=Control regimen at /mnt/data1/srchowd3/FD-NL2SQL/methodv2/runs/gemma4b_server_gpu6_full/group__Control_regimen/reduced.db
2026-03-30 12:19:50,729 | INFO | Generated 15 predictions for group=Control regimen
2026-03-30 12:19:55,693 | INFO | Evaluated group=Control regimen summary={'total_gt_items': 15, 'total_pred_items': 15, 'evaluated_items': 15, 'pred_with_sql': 15, 'pred_exec_ok': 15, 'gt_exec_ok': 15, 'exec_eval_ok': 15, 'exec_exact_match': 2, 'exec_exact_match_rate': 0.13333333333333333, 'avg_sql_ast_similarity': 0.8527199480181936, 'avg_precision': 0.3885942128047391, 'avg_recall': 0.5814814814814815, 'avg_f1': 0.44195081872743464, 'avg_row_jaccard': 0.3778451178451178, 'avg_normalization_factor': 0.3885942128047391, 'avg_column_alignment_score': 0.7531111111111111, 'avg_chrf': 99.85508816306958, 'avg_rouge_l_f1': 0.9938271604938271, 'avg_bertscore_f1': None, 'avg_pred_confidence': None, 'avg_harmonic_f1_em_confidence': None, 'pred_limit_no_order': 0, 'gt_limit_no_order': 0}
2026-03-30 12:19:55,696 | INFO | Prepared reduced DB for group=Follow-up duration for primary endpoint(s) in months | Control at /mnt/data1/srchowd3/FD-NL2SQL/methodv2/runs/gemma4b_server_gpu6_full/group__Follow-up_duration_for_primary_endpoint(s)_in_months_|_Control/reduced.db
2026-03-30 12:19:57,298 | INFO | Generated 17 predictions for group=Follow-up duration for primary endpoint(s) in months | Control
2026-03-30 12:20:02,139 | INFO | Evaluated group=Follow-up duration for primary endpoint(s) in months | Control summary={'total_gt_items': 17, 'total_pred_items': 17, 'evaluated_items': 17, 'pred_with_sql': 17, 'pred_exec_ok': 17, 'gt_exec_ok': 17, 'exec_eval_ok': 17, 'exec_exact_match': 9, 'exec_exact_match_rate': 0.5294117647058824, 'avg_sql_ast_similarity': 0.8977389153859742, 'avg_precision': 0.6780242151505411, 'avg_recall': 0.6470241632006338, 'avg_f1': 0.6170805892033514, 'avg_row_jaccard': 0.5841008627743198, 'avg_normalization_factor': 0.6724686595949856, 'avg_column_alignment_score': 0.8608446455505279, 'avg_chrf': 86.0207465487144, 'avg_rouge_l_f1': 0.6395489078822412, 'avg_bertscore_f1': None, 'avg_pred_confidence': None, 'avg_harmonic_f1_em_confidence': None, 'pred_limit_no_order': 0, 'gt_limit_no_order': 0}
2026-03-30 12:20:02,143 | INFO | Prepared reduced DB for group=Follow-up duration for primary endpoint(s) in months | Overall at /mnt/data1/srchowd3/FD-NL2SQL/methodv2/runs/gemma4b_server_gpu6_full/group__Follow-up_duration_for_primary_endpoint(s)_in_months_|_Overall/reduced.db
2026-03-30 12:20:02,361 | INFO | Generated 1 predictions for group=Follow-up duration for primary endpoint(s) in months | Overall
2026-03-30 12:20:07,267 | INFO | Evaluated group=Follow-up duration for primary endpoint(s) in months | Overall summary={'total_gt_items': 1, 'total_pred_items': 1, 'evaluated_items': 1, 'pred_with_sql': 1, 'pred_exec_ok': 1, 'gt_exec_ok': 1, 'exec_eval_ok': 1, 'exec_exact_match': 0, 'exec_exact_match_rate': 0.0, 'avg_sql_ast_similarity': 0.9555555555555556, 'avg_precision': 0.0, 'avg_recall': 0.0, 'avg_f1': 0.0, 'avg_row_jaccard': 0.0, 'avg_normalization_factor': 0.0, 'avg_column_alignment_score': 0.7, 'avg_chrf': None, 'avg_rouge_l_f1': None, 'avg_bertscore_f1': None, 'avg_pred_confidence': None, 'avg_harmonic_f1_em_confidence': None, 'pred_limit_no_order': 0, 'gt_limit_no_order': 0}
2026-03-30 12:20:07,274 | INFO | Prepared reduced DB for group=Is any other biomarker used for inclusion at /mnt/data1/srchowd3/FD-NL2SQL/methodv2/runs/gemma4b_server_gpu6_full/group__Is_any_other_biomarker_used_for_inclusion/reduced.db
2026-03-30 12:20:08,415 | INFO | Generated 18 predictions for group=Is any other biomarker used for inclusion
2026-03-30 12:20:13,382 | INFO | Evaluated group=Is any other biomarker used for inclusion summary={'total_gt_items': 18, 'total_pred_items': 18, 'evaluated_items': 18, 'pred_with_sql': 18, 'pred_exec_ok': 5, 'gt_exec_ok': 5, 'exec_eval_ok': 5, 'exec_exact_match': 2, 'exec_exact_match_rate': 0.4, 'avg_sql_ast_similarity': 0.7271111111111112, 'avg_precision': 0.1111111111111111, 'avg_recall': 0.1111111111111111, 'avg_f1': 0.1111111111111111, 'avg_row_jaccard': 0.1111111111111111, 'avg_normalization_factor': 0.1111111111111111, 'avg_column_alignment_score': 0.19444444444444442, 'avg_chrf': 100.0, 'avg_rouge_l_f1': 1.0, 'avg_bertscore_f1': None, 'avg_pred_confidence': None, 'avg_harmonic_f1_em_confidence': None, 'pred_limit_no_order': 0, 'gt_limit_no_order': 0}
2026-03-30 12:20:13,386 | INFO | Prepared reduced DB for group=Monotherapy/combination at /mnt/data1/srchowd3/FD-NL2SQL/methodv2/runs/gemma4b_server_gpu6_full/group__Monotherapy_combination/reduced.db
2026-03-30 12:20:15,260 | INFO | Generated 18 predictions for group=Monotherapy/combination
2026-03-30 12:20:20,431 | INFO | Evaluated group=Monotherapy/combination summary={'total_gt_items': 18, 'total_pred_items': 18, 'evaluated_items': 18, 'pred_with_sql': 18, 'pred_exec_ok': 18, 'gt_exec_ok': 18, 'exec_eval_ok': 18, 'exec_exact_match': 6, 'exec_exact_match_rate': 0.3333333333333333, 'avg_sql_ast_similarity': 0.7832175925925926, 'avg_precision': 0.3888888888888889, 'avg_recall': 0.3787878787878788, 'avg_f1': 0.38333333333333336, 'avg_row_jaccard': 0.3787878787878788, 'avg_normalization_factor': 0.3888888888888889, 'avg_column_alignment_score': 0.5722222222222222, 'avg_chrf': 38.888888888888886, 'avg_rouge_l_f1': 0.3888888888888889, 'avg_bertscore_f1': None, 'avg_pred_confidence': None, 'avg_harmonic_f1_em_confidence': None, 'pred_limit_no_order': 0, 'gt_limit_no_order': 0}
2026-03-30 12:20:20,438 | INFO | Prepared reduced DB for group=Originial publication or Follow-up at /mnt/data1/srchowd3/FD-NL2SQL/methodv2/runs/gemma4b_server_gpu6_full/group__Originial_publication_or_Follow-up/reduced.db
2026-03-30 12:20:25,580 | INFO | Generated 17 predictions for group=Originial publication or Follow-up
2026-03-30 12:20:30,546 | INFO | Evaluated group=Originial publication or Follow-up summary={'total_gt_items': 17, 'total_pred_items': 17, 'evaluated_items': 17, 'pred_with_sql': 17, 'pred_exec_ok': 7, 'gt_exec_ok': 7, 'exec_eval_ok': 7, 'exec_exact_match': 0, 'exec_exact_match_rate': 0.0, 'avg_sql_ast_similarity': 0.5670815295815296, 'avg_precision': 0.0, 'avg_recall': 0.0, 'avg_f1': 0.0, 'avg_row_jaccard': 0.0, 'avg_normalization_factor': 0.0, 'avg_column_alignment_score': 0.0, 'avg_chrf': 0.0, 'avg_rouge_l_f1': 0.0, 'avg_bertscore_f1': None, 'avg_pred_confidence': None, 'avg_harmonic_f1_em_confidence': None, 'pred_limit_no_order': 0, 'gt_limit_no_order': 0}
2026-03-30 12:20:30,551 | INFO | Prepared reduced DB for group=Primary endpoint at /mnt/data1/srchowd3/FD-NL2SQL/methodv2/runs/gemma4b_server_gpu6_full/group__Primary_endpoint/reduced.db
2026-03-30 12:20:32,621 | INFO | Generated 29 predictions for group=Primary endpoint
2026-03-30 12:20:37,434 | INFO | Evaluated group=Primary endpoint summary={'total_gt_items': 29, 'total_pred_items': 29, 'evaluated_items': 29, 'pred_with_sql': 29, 'pred_exec_ok': 26, 'gt_exec_ok': 26, 'exec_eval_ok': 26, 'exec_exact_match': 11, 'exec_exact_match_rate': 0.4230769230769231, 'avg_sql_ast_similarity': 0.8550106837606838, 'avg_precision': 0.41379310344827586, 'avg_recall': 0.41379310344827586, 'avg_f1': 0.41379310344827586, 'avg_row_jaccard': 0.39901477832512317, 'avg_normalization_factor': 0.3793103448275862, 'avg_column_alignment_score': 0.27327586206896554, 'avg_chrf': 62.363819236442176, 'avg_rouge_l_f1': 0.5404040404040404, 'avg_bertscore_f1': None, 'avg_pred_confidence': None, 'avg_harmonic_f1_em_confidence': None, 'pred_limit_no_order': 0, 'gt_limit_no_order': 0}
2026-03-30 12:20:37,442 | INFO | Prepared reduced DB for group=Secondary endpoint at /mnt/data1/srchowd3/FD-NL2SQL/methodv2/runs/gemma4b_server_gpu6_full/group__Secondary_endpoint/reduced.db
2026-03-30 12:20:38,842 | INFO | Generated 35 predictions for group=Secondary endpoint
2026-03-30 12:20:43,935 | INFO | Evaluated group=Secondary endpoint summary={'total_gt_items': 35, 'total_pred_items': 35, 'evaluated_items': 35, 'pred_with_sql': 35, 'pred_exec_ok': 35, 'gt_exec_ok': 35, 'exec_eval_ok': 35, 'exec_exact_match': 15, 'exec_exact_match_rate': 0.42857142857142855, 'avg_sql_ast_similarity': 0.9186507936507936, 'avg_precision': 0.45714285714285713, 'avg_recall': 0.4292063492063492, 'avg_f1': 0.4298136645962733, 'avg_row_jaccard': 0.4292063492063492, 'avg_normalization_factor': 0.45714285714285713, 'avg_column_alignment_score': 0.6342857142857142, 'avg_chrf': 47.89588968900997, 'avg_rouge_l_f1': 0.47058823529411764, 'avg_bertscore_f1': None, 'avg_pred_confidence': None, 'avg_harmonic_f1_em_confidence': None, 'pred_limit_no_order': 0, 'gt_limit_no_order': 0}
2026-03-30 12:20:43,940 | INFO | Prepared reduced DB for group=Treatment regimen at /mnt/data1/srchowd3/FD-NL2SQL/methodv2/runs/gemma4b_server_gpu6_full/group__Treatment_regimen/reduced.db
2026-03-30 12:20:45,146 | INFO | Generated 18 predictions for group=Treatment regimen
2026-03-30 12:20:49,970 | INFO | Evaluated group=Treatment regimen summary={'total_gt_items': 18, 'total_pred_items': 18, 'evaluated_items': 18, 'pred_with_sql': 18, 'pred_exec_ok': 10, 'gt_exec_ok': 10, 'exec_eval_ok': 10, 'exec_exact_match': 8, 'exec_exact_match_rate': 0.8, 'avg_sql_ast_similarity': 0.8292777777777778, 'avg_precision': 0.4444444444444444, 'avg_recall': 0.4444444444444444, 'avg_f1': 0.4444444444444444, 'avg_row_jaccard': 0.4444444444444444, 'avg_normalization_factor': 0.4444444444444444, 'avg_column_alignment_score': 0.15277777777777776, 'avg_chrf': 70.99774654569175, 'avg_rouge_l_f1': 0.7, 'avg_bertscore_f1': None, 'avg_pred_confidence': None, 'avg_harmonic_f1_em_confidence': None, 'pred_limit_no_order': 0, 'gt_limit_no_order': 0}
2026-03-30 12:20:49,974 | INFO | Prepared reduced DB for group=Trial name at /mnt/data1/srchowd3/FD-NL2SQL/methodv2/runs/gemma4b_server_gpu6_full/group__Trial_name/reduced.db
2026-03-30 12:20:53,603 | INFO | Generated 43 predictions for group=Trial name
2026-03-30 12:20:58,470 | INFO | Evaluated group=Trial name summary={'total_gt_items': 43, 'total_pred_items': 43, 'evaluated_items': 43, 'pred_with_sql': 43, 'pred_exec_ok': 28, 'gt_exec_ok': 28, 'exec_eval_ok': 28, 'exec_exact_match': 18, 'exec_exact_match_rate': 0.6428571428571429, 'avg_sql_ast_similarity': 0.7565267335004177, 'avg_precision': 0.4186046511627907, 'avg_recall': 0.4186046511627907, 'avg_f1': 0.4186046511627907, 'avg_row_jaccard': 0.4186046511627907, 'avg_normalization_factor': 0.4186046511627907, 'avg_column_alignment_score': 0.1329457364341085, 'avg_chrf': 69.04854972371577, 'avg_rouge_l_f1': 0.6666666666666666, 'avg_bertscore_f1': None, 'avg_pred_confidence': None, 'avg_harmonic_f1_em_confidence': None, 'pred_limit_no_order': 0, 'gt_limit_no_order': 0}
2026-03-30 12:20:58,479 | INFO | Prepared reduced DB for group=Type of combination at /mnt/data1/srchowd3/FD-NL2SQL/methodv2/runs/gemma4b_server_gpu6_full/group__Type_of_combination/reduced.db
2026-03-30 12:20:59,483 | INFO | Generated 17 predictions for group=Type of combination
2026-03-30 12:21:04,310 | INFO | Evaluated group=Type of combination summary={'total_gt_items': 17, 'total_pred_items': 17, 'evaluated_items': 17, 'pred_with_sql': 17, 'pred_exec_ok': 17, 'gt_exec_ok': 17, 'exec_eval_ok': 17, 'exec_exact_match': 2, 'exec_exact_match_rate': 0.11764705882352941, 'avg_sql_ast_similarity': 0.8197712418300653, 'avg_precision': 0.11764705882352941, 'avg_recall': 0.11764705882352941, 'avg_f1': 0.11764705882352941, 'avg_row_jaccard': 0.11764705882352941, 'avg_normalization_factor': 0.11764705882352941, 'avg_column_alignment_score': 0.0, 'avg_chrf': 23.645114054092577, 'avg_rouge_l_f1': 0.2222222222222222, 'avg_bertscore_f1': None, 'avg_pred_confidence': None, 'avg_harmonic_f1_em_confidence': None, 'pred_limit_no_order': 0, 'gt_limit_no_order': 0}
2026-03-30 12:21:04,314 | INFO | Prepared reduced DB for group=Type of follow-up given at /mnt/data1/srchowd3/FD-NL2SQL/methodv2/runs/gemma4b_server_gpu6_full/group__Type_of_follow-up_given/reduced.db
2026-03-30 12:21:05,116 | INFO | Generated 15 predictions for group=Type of follow-up given
2026-03-30 12:21:09,793 | INFO | Evaluated group=Type of follow-up given summary={'total_gt_items': 15, 'total_pred_items': 15, 'evaluated_items': 15, 'pred_with_sql': 15, 'pred_exec_ok': 15, 'gt_exec_ok': 15, 'exec_eval_ok': 15, 'exec_exact_match': 0, 'exec_exact_match_rate': 0.0, 'avg_sql_ast_similarity': 0.875, 'avg_precision': 0.0, 'avg_recall': 0.0, 'avg_f1': 0.0, 'avg_row_jaccard': 0.0, 'avg_normalization_factor': 0.0, 'avg_column_alignment_score': 0.23692307692307693, 'avg_chrf': 2.107838431204987, 'avg_rouge_l_f1': 0.0, 'avg_bertscore_f1': None, 'avg_pred_confidence': None, 'avg_harmonic_f1_em_confidence': None, 'pred_limit_no_order': 0, 'gt_limit_no_order': 0}
2026-03-30 12:21:09,796 | INFO | Prepared reduced DB for group=Year at /mnt/data1/srchowd3/FD-NL2SQL/methodv2/runs/gemma4b_server_gpu6_full/group__Year/reduced.db
2026-03-30 12:21:10,366 | INFO | Generated 13 predictions for group=Year
2026-03-30 12:21:14,984 | INFO | Evaluated group=Year summary={'total_gt_items': 13, 'total_pred_items': 13, 'evaluated_items': 13, 'pred_with_sql': 13, 'pred_exec_ok': 13, 'gt_exec_ok': 13, 'exec_eval_ok': 13, 'exec_exact_match': 0, 'exec_exact_match_rate': 0.0, 'avg_sql_ast_similarity': 0.833974358974359, 'avg_precision': 0.0, 'avg_recall': 0.0, 'avg_f1': 0.0, 'avg_row_jaccard': 0.0, 'avg_normalization_factor': 0.0, 'avg_column_alignment_score': 0.0, 'avg_chrf': 1.5819218462190217, 'avg_rouge_l_f1': 0.0, 'avg_bertscore_f1': None, 'avg_pred_confidence': None, 'avg_harmonic_f1_em_confidence': None, 'pred_limit_no_order': 0, 'gt_limit_no_order': 0}
2026-03-30 12:21:14,989 | INFO | Wrote summary to /mnt/data1/srchowd3/FD-NL2SQL/methodv2/runs/gemma4b_server_gpu6_full/summary.json
