2026-03-30 12:18:48,628 | INFO | Log file: /mnt/data1/srchowd3/FD-NL2SQL/methodv2/runs/server_dry_run_smoke/logs/run_meta_20260330_121848.log
2026-03-30 12:18:48,628 | INFO | CSV path: /mnt/data1/srchowd3/FD-NL2SQL/data/cat3_query_sql_llm(2)_with_key_matches.csv
2026-03-30 12:18:48,628 | INFO | DB path: /mnt/data1/srchowd3/FD-NL2SQL/data/database.db
2026-03-30 12:18:48,628 | INFO | Run dir: /mnt/data1/srchowd3/FD-NL2SQL/methodv2/runs/server_dry_run_smoke
2026-03-30 12:18:48,628 | INFO | API base: http://127.0.0.1:8000/v1
2026-03-30 12:18:48,628 | INFO | Model name: gemma-3-4b-it
2026-03-30 12:18:48,628 | INFO | Dry run: True
2026-03-30 12:18:48,631 | INFO | Eligible rows: 5
2026-03-30 12:18:48,631 | INFO | Skipped rows: {}
2026-03-30 12:18:48,631 | INFO | Groups: 5
2026-03-30 12:18:48,631 | INFO |   Class of ICI -> 1 rows
2026-03-30 12:18:48,631 | INFO |   Monotherapy/combination -> 1 rows
2026-03-30 12:18:48,631 | INFO |   Originial publication or Follow-up -> 1 rows
2026-03-30 12:18:48,631 | INFO |   Treatment regimen -> 1 rows
2026-03-30 12:18:48,631 | INFO |   Trial name -> 1 rows
2026-03-30 12:18:48,635 | INFO | Prepared reduced DB for group=Class of ICI at /mnt/data1/srchowd3/FD-NL2SQL/methodv2/runs/server_dry_run_smoke/group__Class_of_ICI/reduced.db
2026-03-30 12:18:48,639 | INFO | Dry run enabled; skipping API calls/eval for group=Class of ICI
2026-03-30 12:18:48,642 | INFO | Prepared reduced DB for group=Monotherapy/combination at /mnt/data1/srchowd3/FD-NL2SQL/methodv2/runs/server_dry_run_smoke/group__Monotherapy_combination/reduced.db
2026-03-30 12:18:48,646 | INFO | Dry run enabled; skipping API calls/eval for group=Monotherapy/combination
2026-03-30 12:18:48,649 | INFO | Prepared reduced DB for group=Originial publication or Follow-up at /mnt/data1/srchowd3/FD-NL2SQL/methodv2/runs/server_dry_run_smoke/group__Originial_publication_or_Follow-up/reduced.db
2026-03-30 12:18:48,653 | INFO | Dry run enabled; skipping API calls/eval for group=Originial publication or Follow-up
2026-03-30 12:18:48,655 | INFO | Prepared reduced DB for group=Treatment regimen at /mnt/data1/srchowd3/FD-NL2SQL/methodv2/runs/server_dry_run_smoke/group__Treatment_regimen/reduced.db
2026-03-30 12:18:48,659 | INFO | Dry run enabled; skipping API calls/eval for group=Treatment regimen
2026-03-30 12:18:48,662 | INFO | Prepared reduced DB for group=Trial name at /mnt/data1/srchowd3/FD-NL2SQL/methodv2/runs/server_dry_run_smoke/group__Trial_name/reduced.db
2026-03-30 12:18:48,665 | INFO | Dry run enabled; skipping API calls/eval for group=Trial name
2026-03-30 12:18:48,665 | INFO | Wrote summary to /mnt/data1/srchowd3/FD-NL2SQL/methodv2/runs/server_dry_run_smoke/summary.json
