2026-03-30 14:16:33,350 | INFO | Log file: /mnt/data1/srchowd3/FD-NL2SQL/methodv2/runs/gemma27b_sql_then_infer_full_hidden_source/logs/run_meta_20260330_141633.log
2026-03-30 14:16:33,350 | INFO | CSV path: /mnt/data1/srchowd3/FD-NL2SQL/data/cat3_query_sql_llm(2)_with_key_matches.csv
2026-03-30 14:16:33,350 | INFO | DB path: /mnt/data1/srchowd3/FD-NL2SQL/data/database.db
2026-03-30 14:16:33,350 | INFO | Run dir: /mnt/data1/srchowd3/FD-NL2SQL/methodv2/runs/gemma27b_sql_then_infer_full_hidden_source
2026-03-30 14:16:33,350 | INFO | API base: http://127.0.0.1:8000/v1
2026-03-30 14:16:33,350 | INFO | Model name: gemma-3-27b-it
2026-03-30 14:16:33,350 | INFO | Prompt source-column mode: hidden
2026-03-30 14:16:33,350 | INFO | Dry run: False
2026-03-30 14:16:33,354 | INFO | Eligible questions: 123
2026-03-30 14:16:33,354 | INFO | Skipped: {'source_equals_hidden': 186, 'final_column_not_usable': 191}
2026-03-30 14:16:33,354 | INFO | Groups: 9
2026-03-30 14:16:33,354 | INFO |   Class of ICI -> 18 rows
2026-03-30 14:16:33,354 | INFO |   Control arm -> 18 rows
2026-03-30 14:16:33,354 | INFO |   Control regimen -> 15 rows
2026-03-30 14:16:33,354 | INFO |   Follow-up duration for primary endpoint(s) in months | Control -> 17 rows
2026-03-30 14:16:33,354 | INFO |   Follow-up duration for primary endpoint(s) in months | Overall -> 1 rows
2026-03-30 14:16:33,354 | INFO |   Is any other biomarker used for inclusion -> 18 rows
2026-03-30 14:16:33,354 | INFO |   Monotherapy/combination -> 18 rows
2026-03-30 14:16:33,354 | INFO |   Secondary endpoint -> 17 rows
2026-03-30 14:16:33,354 | INFO |   Treatment regimen -> 1 rows
2026-03-30 14:24:04,055 | INFO | Wrote all-question results CSV: /mnt/data1/srchowd3/FD-NL2SQL/methodv2/runs/gemma27b_sql_then_infer_full_hidden_source/all_question_results.csv
2026-03-30 14:24:04,055 | INFO | Wrote row-level predictions CSV: /mnt/data1/srchowd3/FD-NL2SQL/methodv2/runs/gemma27b_sql_then_infer_full_hidden_source/row_level_predictions.csv
2026-03-30 14:24:04,056 | INFO | Wrote summary JSON: /mnt/data1/srchowd3/FD-NL2SQL/methodv2/runs/gemma27b_sql_then_infer_full_hidden_source/summary.json
