2026-03-30 11:14:41,238 | INFO | Log file: /mnt/data1/srchowd3/FD-NL2SQL/methodv2/runs/dry_run_smoke/logs/run_meta_20260330_111441.log
2026-03-30 11:14:41,239 | INFO | CSV path: /mnt/data1/srchowd3/FD-NL2SQL/data/cat3_query_sql_llm(2)_with_key_matches.csv
2026-03-30 11:14:41,239 | INFO | DB path: /mnt/data1/srchowd3/FD-NL2SQL/data/database.db
2026-03-30 11:14:41,239 | INFO | Run dir: /mnt/data1/srchowd3/FD-NL2SQL/methodv2/runs/dry_run_smoke
2026-03-30 11:14:41,239 | INFO | Model path: /mnt/shared/shared_hf_home/hub/models--google--gemma-3-27b-it/snapshots/005ad3404e59d6023443cb575daa05336842228a
2026-03-30 11:14:41,239 | INFO | Dry run: True
2026-03-30 11:14:41,244 | INFO | Eligible rows: 5
2026-03-30 11:14:41,245 | INFO | Skipped rows: {}
2026-03-30 11:14:41,245 | INFO | Groups: 5
2026-03-30 11:14:41,245 | INFO |   Class of ICI -> 1 rows
2026-03-30 11:14:41,245 | INFO |   Monotherapy/combination -> 1 rows
2026-03-30 11:14:41,245 | INFO |   Originial publication or Follow-up -> 1 rows
2026-03-30 11:14:41,245 | INFO |   Treatment regimen -> 1 rows
2026-03-30 11:14:41,245 | INFO |   Trial name -> 1 rows
2026-03-30 11:14:41,249 | INFO | Prepared reduced DB for group=Class of ICI at /mnt/data1/srchowd3/FD-NL2SQL/methodv2/runs/dry_run_smoke/group__Class_of_ICI/Class_of_ICI.db
2026-03-30 11:14:41,252 | INFO | Dry run enabled; skipping model generation/eval for group=Class of ICI
2026-03-30 11:14:41,255 | INFO | Prepared reduced DB for group=Monotherapy/combination at /mnt/data1/srchowd3/FD-NL2SQL/methodv2/runs/dry_run_smoke/group__Monotherapy_combination/Monotherapy_combination.db
2026-03-30 11:14:41,259 | INFO | Dry run enabled; skipping model generation/eval for group=Monotherapy/combination
2026-03-30 11:14:41,261 | INFO | Prepared reduced DB for group=Originial publication or Follow-up at /mnt/data1/srchowd3/FD-NL2SQL/methodv2/runs/dry_run_smoke/group__Originial_publication_or_Follow_up/Originial_publication_or_Follow_up.db
2026-03-30 11:14:41,265 | INFO | Dry run enabled; skipping model generation/eval for group=Originial publication or Follow-up
2026-03-30 11:14:41,268 | INFO | Prepared reduced DB for group=Treatment regimen at /mnt/data1/srchowd3/FD-NL2SQL/methodv2/runs/dry_run_smoke/group__Treatment_regimen/Treatment_regimen.db
2026-03-30 11:14:41,271 | INFO | Dry run enabled; skipping model generation/eval for group=Treatment regimen
2026-03-30 11:14:41,274 | INFO | Prepared reduced DB for group=Trial name at /mnt/data1/srchowd3/FD-NL2SQL/methodv2/runs/dry_run_smoke/group__Trial_name/Trial_name.db
2026-03-30 11:14:41,277 | INFO | Dry run enabled; skipping model generation/eval for group=Trial name
2026-03-30 11:14:41,277 | INFO | Wrote summary to /mnt/data1/srchowd3/FD-NL2SQL/methodv2/runs/dry_run_smoke/summary.json
