2026-03-30 13:41:48,046 | INFO | Log file: /mnt/data1/srchowd3/FD-NL2SQL/methodv2/runs/gemma4b_sql_then_infer_q10_hidden_source/logs/run_meta_20260330_134148.log
2026-03-30 13:41:48,047 | INFO | CSV path: /mnt/data1/srchowd3/FD-NL2SQL/data/cat3_query_sql_llm(2)_with_key_matches.csv
2026-03-30 13:41:48,047 | INFO | DB path: /mnt/data1/srchowd3/FD-NL2SQL/data/database.db
2026-03-30 13:41:48,047 | INFO | Run dir: /mnt/data1/srchowd3/FD-NL2SQL/methodv2/runs/gemma4b_sql_then_infer_q10_hidden_source
2026-03-30 13:41:48,047 | INFO | API base: http://127.0.0.1:8000/v1
2026-03-30 13:41:48,047 | INFO | Model name: gemma-3-4b-it
2026-03-30 13:41:48,047 | INFO | Prompt source-column mode: hidden
2026-03-30 13:41:48,047 | INFO | Dry run: False
2026-03-30 13:41:48,051 | INFO | Eligible questions: 10
2026-03-30 13:41:48,051 | INFO | Skipped: {'source_equals_hidden': 18, 'final_column_not_usable': 7}
2026-03-30 13:41:48,051 | INFO | Groups: 8
2026-03-30 13:41:48,051 | INFO |   Class of ICI -> 2 rows
2026-03-30 13:41:48,051 | INFO |   Control arm -> 1 rows
2026-03-30 13:41:48,051 | INFO |   Control regimen -> 1 rows
2026-03-30 13:41:48,051 | INFO |   Follow-up duration for primary endpoint(s) in months | Control -> 1 rows
2026-03-30 13:41:48,051 | INFO |   Follow-up duration for primary endpoint(s) in months | Overall -> 1 rows
2026-03-30 13:41:48,051 | INFO |   Monotherapy/combination -> 2 rows
2026-03-30 13:41:48,051 | INFO |   Secondary endpoint -> 1 rows
2026-03-30 13:41:48,051 | INFO |   Treatment regimen -> 1 rows
2026-03-30 13:41:56,714 | INFO | Wrote all-question results CSV: /mnt/data1/srchowd3/FD-NL2SQL/methodv2/runs/gemma4b_sql_then_infer_q10_hidden_source/all_question_results.csv
2026-03-30 13:41:56,714 | INFO | Wrote row-level predictions CSV: /mnt/data1/srchowd3/FD-NL2SQL/methodv2/runs/gemma4b_sql_then_infer_q10_hidden_source/row_level_predictions.csv
2026-03-30 13:41:56,715 | INFO | Wrote summary JSON: /mnt/data1/srchowd3/FD-NL2SQL/methodv2/runs/gemma4b_sql_then_infer_q10_hidden_source/summary.json
