2026-04-04 20:30:01,651 | INFO | Log file: /mnt/data1/srchowd3/FD-NL2SQL/methodv2/runs/question_ground_truth_cosine_100/logs/run_meta_20260404_203001.log
2026-04-04 20:30:01,651 | INFO | Manifest CSV: /mnt/data1/srchowd3/FD-NL2SQL/data/table_question_ground_truths_full/manifest.csv
2026-04-04 20:30:01,651 | INFO | Run dir: /mnt/data1/srchowd3/FD-NL2SQL/methodv2/runs/question_ground_truth_cosine_100
2026-04-04 20:30:01,664 | INFO | Loading embedder bert from /mnt/shared/shared_hf_home/hub/models--bert-base-uncased/snapshots/86b5e0934494bd15c9632b12f734a8a67f723594
2026-04-04 20:30:03,843 | INFO | Loading embedder sbert from /mnt/shared/shared_hf_home/hub/models--sentence-transformers--all-MiniLM-L6-v2/snapshots/c9745ed1d9f207416be6d2e6f8de32d1f16199bf
2026-04-04 20:30:03,958 | INFO | Loading embedder bge from /mnt/shared/shared_hf_home/hub/models--BAAI--bge-base-en-v1.5/snapshots/a5beb1e3e68b9ab74eb54cfd186867f64f240e1a
2026-04-04 20:30:04,332 | INFO | Scoring key family anti_vegf_agents (1 rows)
2026-04-04 20:30:04,332 | INFO | Skipping key family anti_vegf_agents because it has fewer than 2 rows
2026-04-04 20:30:04,332 | INFO | Scoring key family arm_category (3 rows)
2026-04-04 20:30:04,817 | INFO | Scoring key family braf_inhibitor|mek_inhibitor (3 rows)
2026-04-04 20:30:04,905 | INFO | Scoring key family brand_name (6 rows)
2026-04-04 20:30:04,997 | INFO | Scoring key family class (34 rows)
2026-04-04 20:30:05,264 | INFO | Scoring key family combo_type_norm (15 rows)
2026-04-04 20:30:05,406 | INFO | Scoring key family control_category (37 rows)
2026-04-04 20:30:05,583 | INFO | Scoring key family control_drugs (21 rows)
2026-04-04 20:30:05,704 | INFO | Scoring key family endpoint_role (59 rows)
2026-04-04 20:30:06,242 | INFO | Scoring key family era (37 rows)
2026-04-04 20:30:06,458 | INFO | Scoring key family irAE_assessed (30 rows)
2026-04-04 20:30:06,718 | INFO | Scoring key family is_combination (26 rows)
2026-04-04 20:30:06,879 | INFO | Scoring key family is_follow_up (20 rows)
2026-04-04 20:30:07,017 | INFO | Scoring key family maturity (37 rows)
2026-04-04 20:30:07,243 | INFO | Scoring key family pd_l1_required (6 rows)
2026-04-04 20:30:07,324 | INFO | Scoring key family phase_bucket (41 rows)
2026-04-04 20:30:07,554 | INFO | Scoring key family primary_endpoint_category (17 rows)
2026-04-04 20:30:07,700 | INFO | Scoring key family pubmed_url (148 rows)
2026-04-04 20:30:08,319 | INFO | Scoring key family setting_normalized (28 rows)
2026-04-04 20:30:08,491 | INFO | Scoring key family size_bucket (17 rows)
2026-04-04 20:30:08,622 | INFO | Scoring key family tki_agents (6 rows)
2026-04-04 20:30:08,714 | INFO | Scoring key family trial_acronym (1 rows)
2026-04-04 20:30:08,714 | INFO | Skipping key family trial_acronym because it has fewer than 2 rows
2026-04-04 20:30:08,799 | INFO | Wrote sample manifest: /mnt/data1/srchowd3/FD-NL2SQL/methodv2/runs/question_ground_truth_cosine_100/sample_manifest.csv
2026-04-04 20:30:08,799 | INFO | Wrote question results: /mnt/data1/srchowd3/FD-NL2SQL/methodv2/runs/question_ground_truth_cosine_100/all_question_results.csv
2026-04-04 20:30:08,799 | INFO | Wrote row predictions: /mnt/data1/srchowd3/FD-NL2SQL/methodv2/runs/question_ground_truth_cosine_100/row_level_predictions.csv
2026-04-04 20:30:08,799 | INFO | Wrote summary: /mnt/data1/srchowd3/FD-NL2SQL/methodv2/runs/question_ground_truth_cosine_100/summary.json
